Component: ARM Compiler 5.06 update 5 (build 528) Tool: armlink [4d35e2]

==============================================================================

Section Cross References

    startup_stm32f103xe.o(STACK) refers (Special) to heapauxi.o(.text) for __use_two_region_memory
    startup_stm32f103xe.o(HEAP) refers (Special) to heapauxi.o(.text) for __use_two_region_memory
    startup_stm32f103xe.o(RESET) refers (Special) to heapauxi.o(.text) for __use_two_region_memory
    startup_stm32f103xe.o(RESET) refers to startup_stm32f103xe.o(STACK) for __initial_sp
    startup_stm32f103xe.o(RESET) refers to startup_stm32f103xe.o(.text) for Reset_Handler
    startup_stm32f103xe.o(.text) refers (Special) to heapauxi.o(.text) for __use_two_region_memory
    startup_stm32f103xe.o(.text) refers to __main.o(!!!main) for __main
    startup_stm32f103xe.o(.text) refers to startup_stm32f103xe.o(HEAP) for Heap_Mem
    startup_stm32f103xe.o(.text) refers to startup_stm32f103xe.o(STACK) for Stack_Mem
    main.o(i.main) refers to boot.o(i.bootloader_main) for bootloader_main
    boot.o(i.backup_current_app) refers to boot.o(i.is_vector_table_valid) for is_vector_table_valid
    boot.o(i.backup_current_app) refers to boot.o(i.calc_crc32) for calc_crc32
    boot.o(i.backup_current_app) refers to boot.o(i.copy_flash_area) for copy_flash_area
    boot.o(i.backup_current_app) refers to boot.o(i.is_image_vector_valid) for is_image_vector_valid
    boot.o(i.backup_valid) refers to boot.o(i.is_image_vector_valid) for is_image_vector_valid
    boot.o(i.backup_valid) refers to boot.o(i.calc_crc32) for calc_crc32
    boot.o(i.bootloader_main) refers to boot.o(i.system_clock_init) for system_clock_init
    boot.o(i.bootloader_main) refers to ota_info.o(i.ota_info_read) for ota_info_read
    boot.o(i.bootloader_main) refers to ota_info.o(i.ota_info_init) for ota_info_init
    boot.o(i.bootloader_main) refers to boot.o(i.handle_ota_state) for handle_ota_state
    boot.o(i.bootloader_main) refers to boot.o(i.is_vector_table_valid) for is_vector_table_valid
    boot.o(i.bootloader_main) refers to boot.o(i.restore_backup) for restore_backup
    boot.o(i.bootloader_main) refers to boot.o(i.jump_to_app) for jump_to_app
    boot.o(i.bootloader_main) refers to boot.o(.data) for g_boot_block_jump
    boot.o(i.copy_flash_area) refers to boot.o(i.image_size_valid) for image_size_valid
    boot.o(i.copy_flash_area) refers to flash_if.o(.ramfunc) for flash_erase_range
    boot.o(i.copy_flash_area) refers to flash_if.o(i.flash_read) for flash_read
    boot.o(i.handle_ota_state) refers to boot.o(i.backup_current_app) for backup_current_app
    boot.o(i.handle_ota_state) refers to ota_info.o(i.ota_info_write) for ota_info_write
    boot.o(i.handle_ota_state) refers to boot.o(i.install_downloaded_app) for install_downloaded_app
    boot.o(i.handle_ota_state) refers to boot.o(i.mark_failed) for mark_failed
    boot.o(i.handle_ota_state) refers to boot.o(i.restore_backup) for restore_backup
    boot.o(i.handle_ota_state) refers to boot.o(i.is_vector_table_valid) for is_vector_table_valid
    boot.o(i.handle_ota_state) refers to boot.o(i.is_image_crc_valid) for is_image_crc_valid
    boot.o(i.handle_ota_state) refers to boot.o(.data) for g_boot_block_jump
    boot.o(i.install_downloaded_app) refers to boot.o(i.image_size_valid) for image_size_valid
    boot.o(i.install_downloaded_app) refers to boot.o(i.is_image_vector_valid) for is_image_vector_valid
    boot.o(i.install_downloaded_app) refers to boot.o(i.is_image_crc_valid) for is_image_crc_valid
    boot.o(i.install_downloaded_app) refers to boot.o(i.copy_flash_area) for copy_flash_area
    boot.o(i.install_downloaded_app) refers to boot.o(i.is_vector_table_valid) for is_vector_table_valid
    boot.o(i.install_downloaded_app) refers to ota_info.o(i.ota_info_write) for ota_info_write
    boot.o(i.is_image_crc_valid) refers to boot.o(i.image_size_valid) for image_size_valid
    boot.o(i.is_image_crc_valid) refers to boot.o(i.calc_crc32) for calc_crc32
    boot.o(i.is_vector_table_valid) refers to boot.o(i.is_image_vector_valid) for is_image_vector_valid
    boot.o(i.mark_failed) refers to ota_info.o(i.ota_info_write) for ota_info_write
    boot.o(i.restore_backup) refers to boot.o(i.backup_valid) for backup_valid
    boot.o(i.restore_backup) refers to boot.o(i.copy_flash_area) for copy_flash_area
    boot.o(i.restore_backup) refers to boot.o(i.is_vector_table_valid) for is_vector_table_valid
    boot.o(i.restore_backup) refers to boot.o(i.calc_crc32) for calc_crc32
    boot.o(i.restore_backup) refers to ota_info.o(i.ota_info_write) for ota_info_write
    flash_if.o(.ramfunc) refers to flash_if.o(i.flash_unlock) for flash_unlock
    flash_if.o(.ramfunc) refers to flash_if.o(i.flash_lock) for flash_lock
    ota_info.o(i.latest_record_read) refers to ota_info.o(i.read_record) for read_record
    ota_info.o(i.latest_record_read) refers to ota_info.o(i.record_valid) for record_valid
    ota_info.o(i.latest_record_read) refers to ota_info.o(i.sequence_newer) for sequence_newer
    ota_info.o(i.latest_record_read) refers to rt_memcpy_w.o(.text) for __aeabi_memcpy4
    ota_info.o(i.legacy_info_read) refers to flash_if.o(i.flash_read) for flash_read
    ota_info.o(i.legacy_info_read) refers to ota_info.o(i.partition_valid) for partition_valid
    ota_info.o(i.ota_info_erase) refers to flash_if.o(.ramfunc) for flash_erase_range
    ota_info.o(i.ota_info_init) refers to rt_memclr_w.o(.text) for __aeabi_memclr4
    ota_info.o(i.ota_info_init) refers to ota_info.o(i.ota_info_write) for ota_info_write
    ota_info.o(i.ota_info_read) refers to ota_info.o(i.latest_record_read) for latest_record_read
    ota_info.o(i.ota_info_read) refers to rt_memcpy_w.o(.text) for __aeabi_memcpy4
    ota_info.o(i.ota_info_read) refers to ota_info.o(i.legacy_info_read) for legacy_info_read
    ota_info.o(i.ota_info_read) refers to rt_memclr_w.o(.text) for __aeabi_memclr4
    ota_info.o(i.ota_info_write) refers to ota_info.o(i.latest_record_read) for latest_record_read
    ota_info.o(i.ota_info_write) refers to ota_info.o(i.legacy_info_read) for legacy_info_read
    ota_info.o(i.ota_info_write) refers to rt_memclr_w.o(.text) for __aeabi_memclr4
    ota_info.o(i.ota_info_write) refers to rt_memcpy_w.o(.text) for __aeabi_memcpy4
    ota_info.o(i.ota_info_write) refers to ota_info.o(i.record_crc32) for record_crc32
    ota_info.o(i.ota_info_write) refers to flash_if.o(.ramfunc) for flash_erase_page
    ota_info.o(i.read_record) refers to flash_if.o(i.flash_read) for flash_read
    ota_info.o(i.record_crc32) refers to ota_info.o(i.crc32_update) for crc32_update
    ota_info.o(i.record_valid) refers to ota_info.o(i.partition_valid) for partition_valid
    ota_info.o(i.record_valid) refers to ota_info.o(i.record_crc32) for record_crc32
    system_stm32f10x.o(i.SystemCoreClockUpdate) refers to system_stm32f10x.o(.data) for SystemCoreClock
    __main.o(!!!main) refers to __rtentry.o(.ARM.Collect$$rtentry$$00000000) for __rt_entry
    __rtentry.o(.ARM.Collect$$rtentry$$00000000) refers (Special) to __rtentry2.o(.ARM.Collect$$rtentry$$0000000A) for __rt_entry_li
    __rtentry.o(.ARM.Collect$$rtentry$$00000000) refers (Special) to __rtentry2.o(.ARM.Collect$$rtentry$$0000000D) for __rt_entry_main
    __rtentry.o(.ARM.Collect$$rtentry$$00000000) refers (Special) to __rtentry2.o(.ARM.Collect$$rtentry$$0000000C) for __rt_entry_postli_1
    __rtentry.o(.ARM.Collect$$rtentry$$00000000) refers (Special) to __rtentry2.o(.ARM.Collect$$rtentry$$00000009) for __rt_entry_postsh_1
    __rtentry.o(.ARM.Collect$$rtentry$$00000000) refers (Special) to __rtentry2.o(.ARM.Collect$$rtentry$$00000002) for __rt_entry_presh_1
    __rtentry.o(.ARM.Collect$$rtentry$$00000000) refers (Special) to __rtentry4.o(.ARM.Collect$$rtentry$$00000004) for __rt_entry_sh
    __rtentry2.o(.ARM.Collect$$rtentry$$00000008) refers to boardinit2.o(.text) for _platform_post_stackheap_init
    __rtentry2.o(.ARM.Collect$$rtentry$$0000000A) refers to libinit.o(.ARM.Collect$$libinit$$00000000) for __rt_lib_init
    __rtentry2.o(.ARM.Collect$$rtentry$$0000000B) refers to boardinit3.o(.text) for _platform_post_lib_init
    __rtentry2.o(.ARM.Collect$$rtentry$$0000000D) refers to main.o(i.main) for main
    __rtentry2.o(.ARM.Collect$$rtentry$$0000000D) refers to exit.o(.text) for exit
    __rtentry2.o(.ARM.exidx) refers to __rtentry2.o(.ARM.Collect$$rtentry$$00000001) for .ARM.Collect$$rtentry$$00000001
    __rtentry2.o(.ARM.exidx) refers to __rtentry2.o(.ARM.Collect$$rtentry$$00000008) for .ARM.Collect$$rtentry$$00000008
    __rtentry2.o(.ARM.exidx) refers to __rtentry2.o(.ARM.Collect$$rtentry$$0000000A) for .ARM.Collect$$rtentry$$0000000A
    __rtentry2.o(.ARM.exidx) refers to __rtentry2.o(.ARM.Collect$$rtentry$$0000000B) for .ARM.Collect$$rtentry$$0000000B
    __rtentry2.o(.ARM.exidx) refers to __rtentry2.o(.ARM.Collect$$rtentry$$0000000D) for .ARM.Collect$$rtentry$$0000000D
    __rtentry4.o(.ARM.Collect$$rtentry$$00000004) refers to sys_stackheap_outer.o(.text) for __user_setup_stackheap
    __rtentry4.o(.ARM.exidx) refers to __rtentry4.o(.ARM.Collect$$rtentry$$00000004) for .ARM.Collect$$rtentry$$00000004
    sys_stackheap_outer.o(.text) refers to libspace.o(.text) for __user_perproc_libspace
    sys_stackheap_outer.o(.text) refers to startup_stm32f103xe.o(.text) for __user_initial_stackheap
    exit.o(.text) refers to rtexit.o(.ARM.Collect$$rtexit$$00000000) for __rt_exit
    libinit.o(.ARM.Collect$$libinit$$00000000) refers (Special) to libinit2.o(.ARM.Collect$$libinit$$0000002E) for __rt_lib_init_alloca_1
    libinit.o(.ARM.Collect$$libinit$$00000000) refers (Special) to libinit2.o(.ARM.Collect$$libinit$$0000002C) for __rt_lib_init_argv_1
    libinit.o(.ARM.Collect$$libinit$$00000000) refers (Special) to libinit2.o(.ARM.Collect$$libinit$$0000001B) for __rt_lib_init_atexit_1
    libinit.o(.ARM.Collect$$libinit$$00000000) refers (Special) to libinit2.o(.ARM.Collect$$libinit$$00000021) for __rt_lib_init_clock_1
    libinit.o(.ARM.Collect$$libinit$$00000000) refers (Special) to libinit2.o(.ARM.Collect$$libinit$$00000032) for __rt_lib_init_cpp_1
    libinit.o(.ARM.Collect$$libinit$$00000000) refers (Special) to libinit2.o(.ARM.Collect$$libinit$$00000030) for __rt_lib_init_exceptions_1
    libinit.o(.ARM.Collect$$libinit$$00000000) refers (Special) to libinit2.o(.ARM.Collect$$libinit$$00000002) for __rt_lib_init_fp_1
    libinit.o(.ARM.Collect$$libinit$$00000000) refers (Special) to libinit2.o(.ARM.Collect$$libinit$$0000001F) for __rt_lib_init_fp_trap_1
    libinit.o(.ARM.Collect$$libinit$$00000000) refers (Special) to libinit2.o(.ARM.Collect$$libinit$$00000023) for __rt_lib_init_getenv_1
    libinit.o(.ARM.Collect$$libinit$$00000000) refers (Special) to libinit2.o(.ARM.Collect$$libinit$$0000000A) for __rt_lib_init_heap_1
    libinit.o(.ARM.Collect$$libinit$$00000000) refers (Special) to libinit2.o(.ARM.Collect$$libinit$$00000011) for __rt_lib_init_lc_collate_1
    libinit.o(.ARM.Collect$$libinit$$00000000) refers (Special) to libinit2.o(.ARM.Collect$$libinit$$00000013) for __rt_lib_init_lc_ctype_1
    libinit.o(.ARM.Collect$$libinit$$00000000) refers (Special) to libinit2.o(.ARM.Collect$$libinit$$00000015) for __rt_lib_init_lc_monetary_1
    libinit.o(.ARM.Collect$$libinit$$00000000) refers (Special) to libinit2.o(.ARM.Collect$$libinit$$00000017) for __rt_lib_init_lc_numeric_1
    libinit.o(.ARM.Collect$$libinit$$00000000) refers (Special) to libinit2.o(.ARM.Collect$$libinit$$00000019) for __rt_lib_init_lc_time_1
    libinit.o(.ARM.Collect$$libinit$$00000000) refers (Special) to libinit2.o(.ARM.Collect$$libinit$$00000004) for __rt_lib_init_preinit_1
    libinit.o(.ARM.Collect$$libinit$$00000000) refers (Special) to libinit2.o(.ARM.Collect$$libinit$$0000000E) for __rt_lib_init_rand_1
    libinit.o(.ARM.Collect$$libinit$$00000000) refers (Special) to libinit2.o(.ARM.Collect$$libinit$$00000033) for __rt_lib_init_return
    libinit.o(.ARM.Collect$$libinit$$00000000) refers (Special) to libinit2.o(.ARM.Collect$$libinit$$0000001D) for __rt_lib_init_signal_1
    libinit.o(.ARM.Collect$$libinit$$00000000) refers (Special) to libinit2.o(.ARM.Collect$$libinit$$00000025) for __rt_lib_init_stdio_1
    libinit.o(.ARM.Collect$$libinit$$00000000) refers (Special) to libinit2.o(.ARM.Collect$$libinit$$0000000C) for __rt_lib_init_user_alloc_1
    libspace.o(.text) refers to libspace.o(.bss) for __libspace_start
    rtexit.o(.ARM.Collect$$rtexit$$00000000) refers (Special) to rtexit2.o(.ARM.Collect$$rtexit$$00000004) for __rt_exit_exit
    rtexit.o(.ARM.Collect$$rtexit$$00000000) refers (Special) to rtexit2.o(.ARM.Collect$$rtexit$$00000003) for __rt_exit_ls
    rtexit.o(.ARM.Collect$$rtexit$$00000000) refers (Special) to rtexit2.o(.ARM.Collect$$rtexit$$00000002) for __rt_exit_prels_1
    rtexit.o(.ARM.exidx) refers (Special) to rtexit2.o(.ARM.Collect$$rtexit$$00000004) for __rt_exit_exit
    rtexit.o(.ARM.exidx) refers (Special) to rtexit2.o(.ARM.Collect$$rtexit$$00000003) for __rt_exit_ls
    rtexit.o(.ARM.exidx) refers (Special) to rtexit2.o(.ARM.Collect$$rtexit$$00000002) for __rt_exit_prels_1
    rtexit.o(.ARM.exidx) refers to rtexit.o(.ARM.Collect$$rtexit$$00000000) for .ARM.Collect$$rtexit$$00000000
    libinit2.o(.ARM.Collect$$libinit$$00000010) refers to libinit2.o(.ARM.Collect$$libinit$$0000000F) for .ARM.Collect$$libinit$$0000000F
    libinit2.o(.ARM.Collect$$libinit$$00000012) refers to libinit2.o(.ARM.Collect$$libinit$$0000000F) for .ARM.Collect$$libinit$$0000000F
    libinit2.o(.ARM.Collect$$libinit$$00000014) refers to libinit2.o(.ARM.Collect$$libinit$$0000000F) for .ARM.Collect$$libinit$$0000000F
    libinit2.o(.ARM.Collect$$libinit$$00000016) refers to libinit2.o(.ARM.Collect$$libinit$$0000000F) for .ARM.Collect$$libinit$$0000000F
    libinit2.o(.ARM.Collect$$libinit$$00000018) refers to libinit2.o(.ARM.Collect$$libinit$$0000000F) for .ARM.Collect$$libinit$$0000000F
    libinit2.o(.ARM.Collect$$libinit$$00000026) refers to argv_veneer.o(.emb_text) for __ARM_argv_veneer
    libinit2.o(.ARM.Collect$$libinit$$00000027) refers to argv_veneer.o(.emb_text) for __ARM_argv_veneer
    rtexit2.o(.ARM.Collect$$rtexit$$00000003) refers to libshutdown.o(.ARM.Collect$$libshutdown$$00000000) for __rt_lib_shutdown
    rtexit2.o(.ARM.Collect$$rtexit$$00000004) refers to sys_exit.o(.text) for _sys_exit
    rtexit2.o(.ARM.exidx) refers to rtexit2.o(.ARM.Collect$$rtexit$$00000001) for .ARM.Collect$$rtexit$$00000001
    rtexit2.o(.ARM.exidx) refers to rtexit2.o(.ARM.Collect$$rtexit$$00000003) for .ARM.Collect$$rtexit$$00000003
    rtexit2.o(.ARM.exidx) refers to rtexit2.o(.ARM.Collect$$rtexit$$00000004) for .ARM.Collect$$rtexit$$00000004
    argv_veneer.o(.emb_text) refers to no_argv.o(.text) for __ARM_get_argv
    sys_exit.o(.text) refers (Special) to use_no_semi.o(.text) for __I$use$semihosting
    sys_exit.o(.text) refers (Special) to indicate_semi.o(.text) for __semihosting_library_function
    _get_argv_nomalloc.o(.text) refers (Special) to hrguard.o(.text) for __heap_region$guard
    _get_argv_nomalloc.o(.text) refers to defsig_rtmem_outer.o(.text) for __rt_SIGRTMEM
    _get_argv_nomalloc.o(.text) refers to sys_command.o(.text) for _sys_command_string
    libshutdown.o(.ARM.Collect$$libshutdown$$00000000) refers (Special) to libshutdown2.o(.ARM.Collect$$libshutdown$$00000002) for __rt_lib_shutdown_cpp_1
    libshutdown.o(.ARM.Collect$$libshutdown$$00000000) refers (Special) to libshutdown2.o(.ARM.Collect$$libshutdown$$00000007) for __rt_lib_shutdown_fp_trap_1
    libshutdown.o(.ARM.Collect$$libshutdown$$00000000) refers (Special) to libshutdown2.o(.ARM.Collect$$libshutdown$$0000000F) for __rt_lib_shutdown_heap_1
    libshutdown.o(.ARM.Collect$$libshutdown$$00000000) refers (Special) to libshutdown2.o(.ARM.Collect$$libshutdown$$00000010) for __rt_lib_shutdown_return
    libshutdown.o(.ARM.Collect$$libshutdown$$00000000) refers (Special) to libshutdown2.o(.ARM.Collect$$libshutdown$$0000000A) for __rt_lib_shutdown_signal_1
    libshutdown.o(.ARM.Collect$$libshutdown$$00000000) refers (Special) to libshutdown2.o(.ARM.Collect$$libshutdown$$00000004) for __rt_lib_shutdown_stdio_1
    libshutdown.o(.ARM.Collect$$libshutdown$$00000000) refers (Special) to libshutdown2.o(.ARM.Collect$$libshutdown$$0000000C) for __rt_lib_shutdown_user_alloc_1
    sys_command.o(.text) refers (Special) to use_no_semi.o(.text) for __I$use$semihosting
    sys_command.o(.text) refers (Special) to indicate_semi.o(.text) for __semihosting_library_function
    defsig_rtmem_outer.o(.text) refers to defsig_rtmem_inner.o(.text) for __rt_SIGRTMEM_inner
    defsig_rtmem_outer.o(.text) refers to defsig_exit.o(.text) for __sig_exit
    defsig_rtmem_formal.o(.text) refers to rt_raise.o(.text) for __rt_raise
    rt_raise.o(.text) refers to __raise.o(.text) for __raise
    rt_raise.o(.text) refers to sys_exit.o(.text) for _sys_exit
    defsig_exit.o(.text) refers to sys_exit.o(.text) for _sys_exit
    defsig_rtmem_inner.o(.text) refers to defsig_general.o(.text) for __default_signal_display
    __raise.o(.text) refers to defsig.o(CL$$defsig) for __default_signal_handler
    defsig_general.o(.text) refers to sys_wrch.o(.text) for _ttywrch
    sys_wrch.o(.text) refers (Special) to use_no_semi.o(.text) for __I$use$semihosting
    sys_wrch.o(.text) refers (Special) to indicate_semi.o(.text) for __semihosting_library_function
    defsig.o(CL$$defsig) refers to defsig_rtmem_inner.o(.text) for __rt_SIGRTMEM_inner
    defsig_abrt_inner.o(.text) refers to defsig_general.o(.text) for __default_signal_display
    defsig_fpe_inner.o(.text) refers to defsig_general.o(.text) for __default_signal_display
    defsig_rtred_inner.o(.text) refers to defsig_general.o(.text) for __default_signal_display
    defsig_stak_inner.o(.text) refers to defsig_general.o(.text) for __default_signal_display
    defsig_pvfn_inner.o(.text) refers to defsig_general.o(.text) for __default_signal_display
    defsig_cppl_inner.o(.text) refers to defsig_general.o(.text) for __default_signal_display
    defsig_segv_inner.o(.text) refers to defsig_general.o(.text) for __default_signal_display
    defsig_other.o(.text) refers to defsig_general.o(.text) for __default_signal_display


==============================================================================

Removing Unused input sections from the image.

    Removing main.o(.rev16_text), (4 bytes).
    Removing main.o(.revsh_text), (4 bytes).
    Removing main.o(.rrx_text), (6 bytes).
    Removing boot.o(.rev16_text), (4 bytes).
    Removing boot.o(.revsh_text), (4 bytes).
    Removing boot.o(.rrx_text), (6 bytes).
    Removing flash_if.o(.rev16_text), (4 bytes).
    Removing flash_if.o(.revsh_text), (4 bytes).
    Removing flash_if.o(.rrx_text), (6 bytes).
    Removing ota_info.o(.rev16_text), (4 bytes).
    Removing ota_info.o(.revsh_text), (4 bytes).
    Removing ota_info.o(.rrx_text), (6 bytes).
    Removing ota_info.o(i.ota_info_erase), (20 bytes).
    Removing system_stm32f10x.o(.rev16_text), (4 bytes).
    Removing system_stm32f10x.o(.revsh_text), (4 bytes).
    Removing system_stm32f10x.o(.rrx_text), (6 bytes).
    Removing system_stm32f10x.o(i.SystemCoreClockUpdate), (16 bytes).
    Removing system_stm32f10x.o(i.SystemInit), (132 bytes).
    Removing system_stm32f10x.o(.data), (4 bytes).

19 unused section(s) (total 242 bytes) removed from the image.

==============================================================================

Adding Veneers to the image

    Adding TT veneer (10 bytes, Long) for call to 'flash_erase_range' from boot.o(i.copy_flash_area).
    Adding TT veneer (10 bytes, Long) for call to 'flash_write' from boot.o(i.copy_flash_area).
    Adding TT veneer (10 bytes, Long) for call to 'flash_erase_page' from ota_info.o(i.ota_info_write).
    Adding TT veneer (10 bytes, Long) for call to 'flash_unlock' from flash_if.o(.ramfunc).
    Adding TT veneer (10 bytes, Long) for call to 'flash_lock' from flash_if.o(.ramfunc).

5 Veneer(s) (total 50 bytes) added to the image.

==============================================================================

Image Symbol Table

    Local Symbols

    Symbol Name                              Value     Ov Type        Size  Object(Section)

    ../clib/angel/boardlib.s                 0x00000000   Number         0  boardshut.o ABSOLUTE
    ../clib/angel/boardlib.s                 0x00000000   Number         0  boardinit3.o ABSOLUTE
    ../clib/angel/boardlib.s                 0x00000000   Number         0  boardinit2.o ABSOLUTE
    ../clib/angel/boardlib.s                 0x00000000   Number         0  boardinit1.o ABSOLUTE
    ../clib/angel/handlers.s                 0x00000000   Number         0  __scatter_copy.o ABSOLUTE
    ../clib/angel/handlers.s                 0x00000000   Number         0  __scatter_zi.o ABSOLUTE
    ../clib/angel/kernel.s                   0x00000000   Number         0  rtexit2.o ABSOLUTE
    ../clib/angel/kernel.s                   0x00000000   Number         0  rtexit.o ABSOLUTE
    ../clib/angel/kernel.s                   0x00000000   Number         0  __rtentry.o ABSOLUTE
    ../clib/angel/kernel.s                   0x00000000   Number         0  __rtentry2.o ABSOLUTE
    ../clib/angel/kernel.s                   0x00000000   Number         0  __rtentry4.o ABSOLUTE
    ../clib/angel/rt.s                       0x00000000   Number         0  rt_raise.o ABSOLUTE
    ../clib/angel/scatter.s                  0x00000000   Number         0  __scatter.o ABSOLUTE
    ../clib/angel/startup.s                  0x00000000   Number         0  __main.o ABSOLUTE
    ../clib/angel/sys.s                      0x00000000   Number         0  libspace.o ABSOLUTE
    ../clib/angel/sys.s                      0x00000000   Number         0  use_no_semi.o ABSOLUTE
    ../clib/angel/sys.s                      0x00000000   Number         0  indicate_semi.o ABSOLUTE
    ../clib/angel/sys.s                      0x00000000   Number         0  sys_stackheap_outer.o ABSOLUTE
    ../clib/angel/sysapp.c                   0x00000000   Number         0  sys_exit.o ABSOLUTE
    ../clib/angel/sysapp.c                   0x00000000   Number         0  sys_command.o ABSOLUTE
    ../clib/angel/sysapp.c                   0x00000000   Number         0  sys_wrch.o ABSOLUTE
    ../clib/armsys.c                         0x00000000   Number         0  argv_veneer.o ABSOLUTE
    ../clib/armsys.c                         0x00000000   Number         0  argv_veneer.o ABSOLUTE
    ../clib/armsys.c                         0x00000000   Number         0  _get_argv_nomalloc.o ABSOLUTE
    ../clib/armsys.c                         0x00000000   Number         0  no_argv.o ABSOLUTE
    ../clib/heapalloc.c                      0x00000000   Number         0  hrguard.o ABSOLUTE
    ../clib/heapaux.c                        0x00000000   Number         0  heapauxi.o ABSOLUTE
    ../clib/libinit.s                        0x00000000   Number         0  libshutdown.o ABSOLUTE
    ../clib/libinit.s                        0x00000000   Number         0  libshutdown2.o ABSOLUTE
    ../clib/libinit.s                        0x00000000   Number         0  libinit.o ABSOLUTE
    ../clib/libinit.s                        0x00000000   Number         0  libinit2.o ABSOLUTE
    ../clib/memcpset.s                       0x00000000   Number         0  rt_memcpy_w.o ABSOLUTE
    ../clib/memcpset.s                       0x00000000   Number         0  rt_memclr_w.o ABSOLUTE
    ../clib/signal.c                         0x00000000   Number         0  defsig_exit.o ABSOLUTE
    ../clib/signal.c                         0x00000000   Number         0  defsig_other.o ABSOLUTE
    ../clib/signal.c                         0x00000000   Number         0  defsig_segv_inner.o ABSOLUTE
    ../clib/signal.c                         0x00000000   Number         0  defsig_cppl_inner.o ABSOLUTE
    ../clib/signal.c                         0x00000000   Number         0  defsig_pvfn_inner.o ABSOLUTE
    ../clib/signal.c                         0x00000000   Number         0  defsig_stak_inner.o ABSOLUTE
    ../clib/signal.c                         0x00000000   Number         0  defsig_rtred_inner.o ABSOLUTE
    ../clib/signal.c                         0x00000000   Number         0  defsig_abrt_inner.o ABSOLUTE
    ../clib/signal.c                         0x00000000   Number         0  defsig_general.o ABSOLUTE
    ../clib/signal.c                         0x00000000   Number         0  __raise.o ABSOLUTE
    ../clib/signal.c                         0x00000000   Number         0  defsig_rtmem_inner.o ABSOLUTE
    ../clib/signal.c                         0x00000000   Number         0  defsig_rtmem_formal.o ABSOLUTE
    ../clib/signal.c                         0x00000000   Number         0  defsig_rtmem_outer.o ABSOLUTE
    ../clib/signal.c                         0x00000000   Number         0  defsig_fpe_inner.o ABSOLUTE
    ../clib/signal.s                         0x00000000   Number         0  defsig.o ABSOLUTE
    ../clib/stdlib.c                         0x00000000   Number         0  exit.o ABSOLUTE
    ../fplib/fpinit.s                        0x00000000   Number         0  fpinit.o ABSOLUTE
    ..\Drivers\CMSIS\Device\ST\STM32F1xx\Source\Templates\arm\startup_stm32f103xe.s 0x00000000   Number         0  startup_stm32f103xe.o ABSOLUTE
    Core\Src\boot.c                          0x00000000   Number         0  boot.o ABSOLUTE
    Core\Src\flash_if.c                      0x00000000   Number         0  flash_if.o ABSOLUTE
    Core\Src\main.c                          0x00000000   Number         0  main.o ABSOLUTE
    Core\Src\ota_info.c                      0x00000000   Number         0  ota_info.o ABSOLUTE
    Core\Src\system_stm32f10x.c              0x00000000   Number         0  system_stm32f10x.o ABSOLUTE
    Core\\Src\\boot.c                        0x00000000   Number         0  boot.o ABSOLUTE
    Core\\Src\\flash_if.c                    0x00000000   Number         0  flash_if.o ABSOLUTE
    Core\\Src\\main.c                        0x00000000   Number         0  main.o ABSOLUTE
    Core\\Src\\ota_info.c                    0x00000000   Number         0  ota_info.o ABSOLUTE
    Core\\Src\\system_stm32f10x.c            0x00000000   Number         0  system_stm32f10x.o ABSOLUTE
    dc.s                                     0x00000000   Number         0  dc.o ABSOLUTE
    RESET                                    0x08000000   Section      304  startup_stm32f103xe.o(RESET)
    !!!main                                  0x08000130   Section        8  __main.o(!!!main)
    !!!scatter                               0x08000138   Section       52  __scatter.o(!!!scatter)
    !!handler_copy                           0x0800016c   Section       26  __scatter_copy.o(!!handler_copy)
    !!handler_zi                             0x08000188   Section       28  __scatter_zi.o(!!handler_zi)
    .ARM.Collect$$libinit$$00000000          0x08000c00   Section        2  libinit.o(.ARM.Collect$$libinit$$00000000)
    .ARM.Collect$$libinit$$00000002          0x08000c02   Section        0  libinit2.o(.ARM.Collect$$libinit$$00000002)
    .ARM.Collect$$libinit$$00000004          0x08000c02   Section        0  libinit2.o(.ARM.Collect$$libinit$$00000004)
    .ARM.Collect$$libinit$$0000000A          0x08000c02   Section        0  libinit2.o(.ARM.Collect$$libinit$$0000000A)
    .ARM.Collect$$libinit$$0000000C          0x08000c02   Section        0  libinit2.o(.ARM.Collect$$libinit$$0000000C)
    .ARM.Collect$$libinit$$0000000E          0x08000c02   Section        0  libinit2.o(.ARM.Collect$$libinit$$0000000E)
    .ARM.Collect$$libinit$$00000011          0x08000c02   Section        0  libinit2.o(.ARM.Collect$$libinit$$00000011)
    .ARM.Collect$$libinit$$00000013          0x08000c02   Section        0  libinit2.o(.ARM.Collect$$libinit$$00000013)
    .ARM.Collect$$libinit$$00000015          0x08000c02   Section        0  libinit2.o(.ARM.Collect$$libinit$$00000015)
    .ARM.Collect$$libinit$$00000017          0x08000c02   Section        0  libinit2.o(.ARM.Collect$$libinit$$00000017)
    .ARM.Collect$$libinit$$00000019          0x08000c02   Section        0  libinit2.o(.ARM.Collect$$libinit$$00000019)
    .ARM.Collect$$libinit$$0000001B          0x08000c02   Section        0  libinit2.o(.ARM.Collect$$libinit$$0000001B)
    .ARM.Collect$$libinit$$0000001D          0x08000c02   Section        0  libinit2.o(.ARM.Collect$$libinit$$0000001D)
    .ARM.Collect$$libinit$$0000001F          0x08000c02   Section        0  libinit2.o(.ARM.Collect$$libinit$$0000001F)
    .ARM.Collect$$libinit$$00000021          0x08000c02   Section        0  libinit2.o(.ARM.Collect$$libinit$$00000021)
    .ARM.Collect$$libinit$$00000023          0x08000c02   Section        0  libinit2.o(.ARM.Collect$$libinit$$00000023)
    .ARM.Collect$$libinit$$00000025          0x08000c02   Section        0  libinit2.o(.ARM.Collect$$libinit$$00000025)
    .ARM.Collect$$libinit$$0000002C          0x08000c02   Section        0  libinit2.o(.ARM.Collect$$libinit$$0000002C)
    .ARM.Collect$$libinit$$0000002E          0x08000c02   Section        0  libinit2.o(.ARM.Collect$$libinit$$0000002E)
    .ARM.Collect$$libinit$$00000030          0x08000c02   Section        0  libinit2.o(.ARM.Collect$$libinit$$00000030)
    .ARM.Collect$$libinit$$00000032          0x08000c02   Section        0  libinit2.o(.ARM.Collect$$libinit$$00000032)
    .ARM.Collect$$libinit$$00000033          0x08000c02   Section        2  libinit2.o(.ARM.Collect$$libinit$$00000033)
    .ARM.Collect$$libshutdown$$00000000      0x08000c04   Section        2  libshutdown.o(.ARM.Collect$$libshutdown$$00000000)
    .ARM.Collect$$libshutdown$$00000002      0x08000c06   Section        0  libshutdown2.o(.ARM.Collect$$libshutdown$$00000002)
    .ARM.Collect$$libshutdown$$00000004      0x08000c06   Section        0  libshutdown2.o(.ARM.Collect$$libshutdown$$00000004)
    .ARM.Collect$$libshutdown$$00000007      0x08000c06   Section        0  libshutdown2.o(.ARM.Collect$$libshutdown$$00000007)
    .ARM.Collect$$libshutdown$$0000000A      0x08000c06   Section        0  libshutdown2.o(.ARM.Collect$$libshutdown$$0000000A)
    .ARM.Collect$$libshutdown$$0000000C      0x08000c06   Section        0  libshutdown2.o(.ARM.Collect$$libshutdown$$0000000C)
    .ARM.Collect$$libshutdown$$0000000F      0x08000c06   Section        0  libshutdown2.o(.ARM.Collect$$libshutdown$$0000000F)
    .ARM.Collect$$libshutdown$$00000010      0x08000c06   Section        2  libshutdown2.o(.ARM.Collect$$libshutdown$$00000010)
    .ARM.Collect$$rtentry$$00000000          0x08000c08   Section        0  __rtentry.o(.ARM.Collect$$rtentry$$00000000)
    .ARM.Collect$$rtentry$$00000002          0x08000c08   Section        0  __rtentry2.o(.ARM.Collect$$rtentry$$00000002)
    .ARM.Collect$$rtentry$$00000004          0x08000c08   Section        6  __rtentry4.o(.ARM.Collect$$rtentry$$00000004)
    .ARM.Collect$$rtentry$$00000009          0x08000c0e   Section        0  __rtentry2.o(.ARM.Collect$$rtentry$$00000009)
    .ARM.Collect$$rtentry$$0000000A          0x08000c0e   Section        4  __rtentry2.o(.ARM.Collect$$rtentry$$0000000A)
    .ARM.Collect$$rtentry$$0000000C          0x08000c12   Section        0  __rtentry2.o(.ARM.Collect$$rtentry$$0000000C)
    .ARM.Collect$$rtentry$$0000000D          0x08000c12   Section        8  __rtentry2.o(.ARM.Collect$$rtentry$$0000000D)
    .ARM.Collect$$rtexit$$00000000           0x08000c1a   Section        2  rtexit.o(.ARM.Collect$$rtexit$$00000000)
    .ARM.Collect$$rtexit$$00000002           0x08000c1c   Section        0  rtexit2.o(.ARM.Collect$$rtexit$$00000002)
    .ARM.Collect$$rtexit$$00000003           0x08000c1c   Section        4  rtexit2.o(.ARM.Collect$$rtexit$$00000003)
    .ARM.Collect$$rtexit$$00000004           0x08000c20   Section        6  rtexit2.o(.ARM.Collect$$rtexit$$00000004)
    .text                                    0x08000c28   Section       52  startup_stm32f103xe.o(.text)
    .text                                    0x08000c5c   Section      100  rt_memcpy_w.o(.text)
    .text                                    0x08000cc0   Section       78  rt_memclr_w.o(.text)
    .text                                    0x08000d0e   Section        0  heapauxi.o(.text)
    .text                                    0x08000d14   Section       74  sys_stackheap_outer.o(.text)
    .text                                    0x08000d5e   Section        0  exit.o(.text)
    .text                                    0x08000d70   Section        8  libspace.o(.text)
    .text                                    0x08000d78   Section        0  sys_exit.o(.text)
    .text                                    0x08000d84   Section        2  use_no_semi.o(.text)
    .text                                    0x08000d86   Section        0  indicate_semi.o(.text)
    i.backup_current_app                     0x08000da4   Section        0  boot.o(i.backup_current_app)
    backup_current_app                       0x08000da5   Thumb Code   106  boot.o(i.backup_current_app)
    i.backup_valid                           0x08000e18   Section        0  boot.o(i.backup_valid)
    backup_valid                             0x08000e19   Thumb Code    56  boot.o(i.backup_valid)
    i.bootloader_main                        0x08000e58   Section        0  boot.o(i.bootloader_main)
    i.calc_crc32                             0x08000eb4   Section        0  boot.o(i.calc_crc32)
    calc_crc32                               0x08000eb5   Thumb Code    56  boot.o(i.calc_crc32)
    i.copy_flash_area                        0x08000ef0   Section        0  boot.o(i.copy_flash_area)
    copy_flash_area                          0x08000ef1   Thumb Code   104  boot.o(i.copy_flash_area)
    i.crc32_update                           0x08000f58   Section        0  ota_info.o(i.crc32_update)
    crc32_update                             0x08000f59   Thumb Code    48  ota_info.o(i.crc32_update)
    i.flash_lock                             0x08000f8c   Section        0  flash_if.o(i.flash_lock)
    i.flash_read                             0x08000fa0   Section        0  flash_if.o(i.flash_read)
    i.flash_unlock                           0x08000fb4   Section        0  flash_if.o(i.flash_unlock)
    i.handle_ota_state                       0x08000fd8   Section        0  boot.o(i.handle_ota_state)
    handle_ota_state                         0x08000fd9   Thumb Code   212  boot.o(i.handle_ota_state)
    i.image_size_valid                       0x080010b8   Section        0  boot.o(i.image_size_valid)
    image_size_valid                         0x080010b9   Thumb Code    18  boot.o(i.image_size_valid)
    i.install_downloaded_app                 0x080010cc   Section        0  boot.o(i.install_downloaded_app)
    install_downloaded_app                   0x080010cd   Thumb Code   122  boot.o(i.install_downloaded_app)
    i.is_image_crc_valid                     0x08001150   Section        0  boot.o(i.is_image_crc_valid)
    is_image_crc_valid                       0x08001151   Thumb Code    42  boot.o(i.is_image_crc_valid)
    i.is_image_vector_valid                  0x0800117c   Section        0  boot.o(i.is_image_vector_valid)
    is_image_vector_valid                    0x0800117d   Thumb Code    58  boot.o(i.is_image_vector_valid)
    i.is_vector_table_valid                  0x080011bc   Section        0  boot.o(i.is_vector_table_valid)
    is_vector_table_valid                    0x080011bd   Thumb Code    14  boot.o(i.is_vector_table_valid)
    i.jump_to_app                            0x080011cc   Section        0  boot.o(i.jump_to_app)
    jump_to_app                              0x080011cd   Thumb Code    28  boot.o(i.jump_to_app)
    i.latest_record_read                     0x080011ec   Section        0  ota_info.o(i.latest_record_read)
    latest_record_read                       0x080011ed   Thumb Code   106  ota_info.o(i.latest_record_read)
    i.legacy_info_read                       0x08001260   Section        0  ota_info.o(i.legacy_info_read)
    legacy_info_read                         0x08001261   Thumb Code    38  ota_info.o(i.legacy_info_read)
    i.main                                   0x08001290   Section        0  main.o(i.main)
    i.mark_failed                            0x0800129a   Section        0  boot.o(i.mark_failed)
    mark_failed                              0x0800129b   Thumb Code    30  boot.o(i.mark_failed)
    i.ota_info_init                          0x080012b8   Section        0  ota_info.o(i.ota_info_init)
    i.ota_info_read                          0x080012e4   Section        0  ota_info.o(i.ota_info_read)
    i.ota_info_write                         0x08001328   Section        0  ota_info.o(i.ota_info_write)
    i.partition_valid                        0x080013b0   Section        0  ota_info.o(i.partition_valid)
    partition_valid                          0x080013b1   Thumb Code    18  ota_info.o(i.partition_valid)
    i.read_record                            0x080013c2   Section        0  ota_info.o(i.read_record)
    read_record                              0x080013c3   Thumb Code    18  ota_info.o(i.read_record)
    i.record_crc32                           0x080013d4   Section        0  ota_info.o(i.record_crc32)
    record_crc32                             0x080013d5   Thumb Code    38  ota_info.o(i.record_crc32)
    i.record_valid                           0x080013fc   Section        0  ota_info.o(i.record_valid)
    record_valid                             0x080013fd   Thumb Code    48  ota_info.o(i.record_valid)
    i.restore_backup                         0x08001430   Section        0  boot.o(i.restore_backup)
    restore_backup                           0x08001431   Thumb Code    96  boot.o(i.restore_backup)
    i.sequence_newer                         0x08001498   Section        0  ota_info.o(i.sequence_newer)
    sequence_newer                           0x08001499   Thumb Code    16  ota_info.o(i.sequence_newer)
    i.system_clock_init                      0x080014a8   Section        0  boot.o(i.system_clock_init)
    system_clock_init                        0x080014a9   Thumb Code   122  boot.o(i.system_clock_init)
    .ramfunc                                 0x20000000   Section        0  flash_if.o(.ramfunc)
    .data                                    0x20000800   Section        4  boot.o(.data)
    g_boot_block_jump                        0x20000800   Data           4  boot.o(.data)
    .bss                                     0x20000804   Section       96  libspace.o(.bss)
    HEAP                                     0x20000868   Section        0  startup_stm32f103xe.o(HEAP)
    STACK                                    0x20000868   Section     1024  startup_stm32f103xe.o(STACK)
    Heap_Mem                                 0x20000868   Data           0  startup_stm32f103xe.o(HEAP)
    Stack_Mem                                0x20000868   Data        1024  startup_stm32f103xe.o(STACK)
    __initial_sp                             0x20000c68   Data           0  startup_stm32f103xe.o(STACK)

    Global Symbols

    Symbol Name                              Value     Ov Type        Size  Object(Section)

    BuildAttributes$$THM_ISAv4$P$D$K$B$S$PE$A:L22UL41UL21$X:L11$S22US41US21$IEEE1$IW$USESV6$~STKCKD$USESV7$~SHL$OSPACE$ROPI$EBA8$UX$STANDARDLIB$REQ8$PRES8$EABIv2 0x00000000   Number         0  anon$$obj.o ABSOLUTE
    __ARM_use_no_argv                        0x00000000   Number         0  main.o ABSOLUTE
    __ARM_exceptions_init                     - Undefined Weak Reference
    __alloca_initialize                       - Undefined Weak Reference
    __arm_preinit_                            - Undefined Weak Reference
    __cpp_initialize__aeabi_                  - Undefined Weak Reference
    __cxa_finalize                            - Undefined Weak Reference
    __rt_locale                               - Undefined Weak Reference
    __sigvec_lookup                           - Undefined Weak Reference
    _atexit_init                              - Undefined Weak Reference
    _call_atexit_fns                          - Undefined Weak Reference
    _clock_init                               - Undefined Weak Reference
    _fp_trap_init                             - Undefined Weak Reference
    _fp_trap_shutdown                         - Undefined Weak Reference
    _get_lc_collate                           - Undefined Weak Reference
    _get_lc_ctype                             - Undefined Weak Reference
    _get_lc_monetary                          - Undefined Weak Reference
    _get_lc_numeric                           - Undefined Weak Reference
    _get_lc_time                              - Undefined Weak Reference
    _getenv_init                              - Undefined Weak Reference
    _handle_redirection                       - Undefined Weak Reference
    _init_alloc                               - Undefined Weak Reference
    _init_user_alloc                          - Undefined Weak Reference
    _initio                                   - Undefined Weak Reference
    _rand_init                                - Undefined Weak Reference
    _signal_finish                            - Undefined Weak Reference
    _signal_init                              - Undefined Weak Reference
    _terminate_alloc                          - Undefined Weak Reference
    _terminate_user_alloc                     - Undefined Weak Reference
    _terminateio                              - Undefined Weak Reference
    __Vectors_Size                           0x00000130   Number         0  startup_stm32f103xe.o ABSOLUTE
    __Vectors                                0x08000000   Data           4  startup_stm32f103xe.o(RESET)
    __Vectors_End                            0x08000130   Data           0  startup_stm32f103xe.o(RESET)
    __main                                   0x08000131   Thumb Code     8  __main.o(!!!main)
    __scatterload                            0x08000139   Thumb Code     0  __scatter.o(!!!scatter)
    __scatterload_rt2                        0x08000139   Thumb Code    44  __scatter.o(!!!scatter)
    __scatterload_rt2_thumb_only             0x08000139   Thumb Code     0  __scatter.o(!!!scatter)
    __scatterload_null                       0x08000147   Thumb Code     0  __scatter.o(!!!scatter)
    __scatterload_copy                       0x0800016d   Thumb Code    26  __scatter_copy.o(!!handler_copy)
    __scatterload_zeroinit                   0x08000189   Thumb Code    28  __scatter_zi.o(!!handler_zi)
    Region$$Table$$Base                      0x080001a4   Number         0  anon$$obj.o(Region$$Table)
    Region$$Table$$Limit                     0x080001d4   Number         0  anon$$obj.o(Region$$Table)
    __rt_lib_init                            0x08000c01   Thumb Code     0  libinit.o(.ARM.Collect$$libinit$$00000000)
    __rt_lib_init_alloca_1                   0x08000c03   Thumb Code     0  libinit2.o(.ARM.Collect$$libinit$$0000002E)
    __rt_lib_init_argv_1                     0x08000c03   Thumb Code     0  libinit2.o(.ARM.Collect$$libinit$$0000002C)
    __rt_lib_init_atexit_1                   0x08000c03   Thumb Code     0  libinit2.o(.ARM.Collect$$libinit$$0000001B)
    __rt_lib_init_clock_1                    0x08000c03   Thumb Code     0  libinit2.o(.ARM.Collect$$libinit$$00000021)
    __rt_lib_init_cpp_1                      0x08000c03   Thumb Code     0  libinit2.o(.ARM.Collect$$libinit$$00000032)
    __rt_lib_init_exceptions_1               0x08000c03   Thumb Code     0  libinit2.o(.ARM.Collect$$libinit$$00000030)
    __rt_lib_init_fp_1                       0x08000c03   Thumb Code     0  libinit2.o(.ARM.Collect$$libinit$$00000002)
    __rt_lib_init_fp_trap_1                  0x08000c03   Thumb Code     0  libinit2.o(.ARM.Collect$$libinit$$0000001F)
    __rt_lib_init_getenv_1                   0x08000c03   Thumb Code     0  libinit2.o(.ARM.Collect$$libinit$$00000023)
    __rt_lib_init_heap_1                     0x08000c03   Thumb Code     0  libinit2.o(.ARM.Collect$$libinit$$0000000A)
    __rt_lib_init_lc_collate_1               0x08000c03   Thumb Code     0  libinit2.o(.ARM.Collect$$libinit$$00000011)
    __rt_lib_init_lc_ctype_1                 0x08000c03   Thumb Code     0  libinit2.o(.ARM.Collect$$libinit$$00000013)
    __rt_lib_init_lc_monetary_1              0x08000c03   Thumb Code     0  libinit2.o(.ARM.Collect$$libinit$$00000015)
    __rt_lib_init_lc_numeric_1               0x08000c03   Thumb Code     0  libinit2.o(.ARM.Collect$$libinit$$00000017)
    __rt_lib_init_lc_time_1                  0x08000c03   Thumb Code     0  libinit2.o(.ARM.Collect$$libinit$$00000019)
    __rt_lib_init_preinit_1                  0x08000c03   Thumb Code     0  libinit2.o(.ARM.Collect$$libinit$$00000004)
    __rt_lib_init_rand_1                     0x08000c03   Thumb Code     0  libinit2.o(.ARM.Collect$$libinit$$0000000E)
    __rt_lib_init_return                     0x08000c03   Thumb Code     0  libinit2.o(.ARM.Collect$$libinit$$00000033)
    __rt_lib_init_signal_1                   0x08000c03   Thumb Code     0  libinit2.o(.ARM.Collect$$libinit$$0000001D)
    __rt_lib_init_stdio_1                    0x08000c03   Thumb Code     0  libinit2.o(.ARM.Collect$$libinit$$00000025)
    __rt_lib_init_user_alloc_1               0x08000c03   Thumb Code     0  libinit2.o(.ARM.Collect$$libinit$$0000000C)
    __rt_lib_shutdown                        0x08000c05   Thumb Code     0  libshutdown.o(.ARM.Collect$$libshutdown$$00000000)
    __rt_lib_shutdown_cpp_1                  0x08000c07   Thumb Code     0  libshutdown2.o(.ARM.Collect$$libshutdown$$00000002)
    __rt_lib_shutdown_fp_trap_1              0x08000c07   Thumb Code     0  libshutdown2.o(.ARM.Collect$$libshutdown$$00000007)
    __rt_lib_shutdown_heap_1                 0x08000c07   Thumb Code     0  libshutdown2.o(.ARM.Collect$$libshutdown$$0000000F)
    __rt_lib_shutdown_return                 0x08000c07   Thumb Code     0  libshutdown2.o(.ARM.Collect$$libshutdown$$00000010)
    __rt_lib_shutdown_signal_1               0x08000c07   Thumb Code     0  libshutdown2.o(.ARM.Collect$$libshutdown$$0000000A)
    __rt_lib_shutdown_stdio_1                0x08000c07   Thumb Code     0  libshutdown2.o(.ARM.Collect$$libshutdown$$00000004)
    __rt_lib_shutdown_user_alloc_1           0x08000c07   Thumb Code     0  libshutdown2.o(.ARM.Collect$$libshutdown$$0000000C)
    __rt_entry                               0x08000c09   Thumb Code     0  __rtentry.o(.ARM.Collect$$rtentry$$00000000)
    __rt_entry_presh_1                       0x08000c09   Thumb Code     0  __rtentry2.o(.ARM.Collect$$rtentry$$00000002)
    __rt_entry_sh                            0x08000c09   Thumb Code     0  __rtentry4.o(.ARM.Collect$$rtentry$$00000004)
    __rt_entry_li                            0x08000c0f   Thumb Code     0  __rtentry2.o(.ARM.Collect$$rtentry$$0000000A)
    __rt_entry_postsh_1                      0x08000c0f   Thumb Code     0  __rtentry2.o(.ARM.Collect$$rtentry$$00000009)
    __rt_entry_main                          0x08000c13   Thumb Code     0  __rtentry2.o(.ARM.Collect$$rtentry$$0000000D)
    __rt_entry_postli_1                      0x08000c13   Thumb Code     0  __rtentry2.o(.ARM.Collect$$rtentry$$0000000C)
    __rt_exit                                0x08000c1b   Thumb Code     0  rtexit.o(.ARM.Collect$$rtexit$$00000000)
    __rt_exit_ls                             0x08000c1d   Thumb Code     0  rtexit2.o(.ARM.Collect$$rtexit$$00000003)
    __rt_exit_prels_1                        0x08000c1d   Thumb Code     0  rtexit2.o(.ARM.Collect$$rtexit$$00000002)
    __rt_exit_exit                           0x08000c21   Thumb Code     0  rtexit2.o(.ARM.Collect$$rtexit$$00000004)
    Reset_Handler                            0x08000c29   Thumb Code     4  startup_stm32f103xe.o(.text)
    NMI_Handler                              0x08000c2d   Thumb Code     2  startup_stm32f103xe.o(.text)
    HardFault_Handler                        0x08000c2f   Thumb Code     2  startup_stm32f103xe.o(.text)
    MemManage_Handler                        0x08000c31   Thumb Code     2  startup_stm32f103xe.o(.text)
    BusFault_Handler                         0x08000c33   Thumb Code     2  startup_stm32f103xe.o(.text)
    UsageFault_Handler                       0x08000c35   Thumb Code     2  startup_stm32f103xe.o(.text)
    SVC_Handler                              0x08000c37   Thumb Code     2  startup_stm32f103xe.o(.text)
    DebugMon_Handler                         0x08000c39   Thumb Code     2  startup_stm32f103xe.o(.text)
    PendSV_Handler                           0x08000c3b   Thumb Code     2  startup_stm32f103xe.o(.text)
    SysTick_Handler                          0x08000c3d   Thumb Code     2  startup_stm32f103xe.o(.text)
    ADC1_2_IRQHandler                        0x08000c3f   Thumb Code     0  startup_stm32f103xe.o(.text)
    ADC3_IRQHandler                          0x08000c3f   Thumb Code     0  startup_stm32f103xe.o(.text)
    CAN1_RX1_IRQHandler                      0x08000c3f   Thumb Code     0  startup_stm32f103xe.o(.text)
    CAN1_SCE_IRQHandler                      0x08000c3f   Thumb Code     0  startup_stm32f103xe.o(.text)
    DMA1_Channel1_IRQHandler                 0x08000c3f   Thumb Code     0  startup_stm32f103xe.o(.text)
    DMA1_Channel2_IRQHandler                 0x08000c3f   Thumb Code     0  startup_stm32f103xe.o(.text)
    DMA1_Channel3_IRQHandler                 0x08000c3f   Thumb Code     0  startup_stm32f103xe.o(.text)
    DMA1_Channel4_IRQHandler                 0x08000c3f   Thumb Code     0  startup_stm32f103xe.o(.text)
    DMA1_Channel5_IRQHandler                 0x08000c3f   Thumb Code     0  startup_stm32f103xe.o(.text)
    DMA1_Channel6_IRQHandler                 0x08000c3f   Thumb Code     0  startup_stm32f103xe.o(.text)
    DMA1_Channel7_IRQHandler                 0x08000c3f   Thumb Code     0  startup_stm32f103xe.o(.text)
    DMA2_Channel1_IRQHandler                 0x08000c3f   Thumb Code     0  startup_stm32f103xe.o(.text)
    DMA2_Channel2_IRQHandler                 0x08000c3f   Thumb Code     0  startup_stm32f103xe.o(.text)
    DMA2_Channel3_IRQHandler                 0x08000c3f   Thumb Code     0  startup_stm32f103xe.o(.text)
    DMA2_Channel4_5_IRQHandler               0x08000c3f   Thumb Code     0  startup_stm32f103xe.o(.text)
    EXTI0_IRQHandler                         0x08000c3f   Thumb Code     0  startup_stm32f103xe.o(.text)
    EXTI15_10_IRQHandler                     0x08000c3f   Thumb Code     0  startup_stm32f103xe.o(.text)
    EXTI1_IRQHandler                         0x08000c3f   Thumb Code     0  startup_stm32f103xe.o(.text)
    EXTI2_IRQHandler                         0x08000c3f   Thumb Code     0  startup_stm32f103xe.o(.text)
    EXTI3_IRQHandler                         0x08000c3f   Thumb Code     0  startup_stm32f103xe.o(.text)
    EXTI4_IRQHandler                         0x08000c3f   Thumb Code     0  startup_stm32f103xe.o(.text)
    EXTI9_5_IRQHandler                       0x08000c3f   Thumb Code     0  startup_stm32f103xe.o(.text)
    FLASH_IRQHandler                         0x08000c3f   Thumb Code     0  startup_stm32f103xe.o(.text)
    FSMC_IRQHandler                          0x08000c3f   Thumb Code     0  startup_stm32f103xe.o(.text)
    I2C1_ER_IRQHandler                       0x08000c3f   Thumb Code     0  startup_stm32f103xe.o(.text)
    I2C1_EV_IRQHandler                       0x08000c3f   Thumb Code     0  startup_stm32f103xe.o(.text)
    I2C2_ER_IRQHandler                       0x08000c3f   Thumb Code     0  startup_stm32f103xe.o(.text)
    I2C2_EV_IRQHandler                       0x08000c3f   Thumb Code     0  startup_stm32f103xe.o(.text)
    PVD_IRQHandler                           0x08000c3f   Thumb Code     0  startup_stm32f103xe.o(.text)
    RCC_IRQHandler                           0x08000c3f   Thumb Code     0  startup_stm32f103xe.o(.text)
    RTC_Alarm_IRQHandler                     0x08000c3f   Thumb Code     0  startup_stm32f103xe.o(.text)
    RTC_IRQHandler                           0x08000c3f   Thumb Code     0  startup_stm32f103xe.o(.text)
    SDIO_IRQHandler                          0x08000c3f   Thumb Code     0  startup_stm32f103xe.o(.text)
    SPI1_IRQHandler                          0x08000c3f   Thumb Code     0  startup_stm32f103xe.o(.text)
    SPI2_IRQHandler                          0x08000c3f   Thumb Code     0  startup_stm32f103xe.o(.text)
    SPI3_IRQHandler                          0x08000c3f   Thumb Code     0  startup_stm32f103xe.o(.text)
    TAMPER_IRQHandler                        0x08000c3f   Thumb Code     0  startup_stm32f103xe.o(.text)
    TIM1_BRK_IRQHandler                      0x08000c3f   Thumb Code     0  startup_stm32f103xe.o(.text)
    TIM1_CC_IRQHandler                       0x08000c3f   Thumb Code     0  startup_stm32f103xe.o(.text)
    TIM1_TRG_COM_IRQHandler                  0x08000c3f   Thumb Code     0  startup_stm32f103xe.o(.text)
    TIM1_UP_IRQHandler                       0x08000c3f   Thumb Code     0  startup_stm32f103xe.o(.text)
    TIM2_IRQHandler                          0x08000c3f   Thumb Code     0  startup_stm32f103xe.o(.text)
    TIM3_IRQHandler                          0x08000c3f   Thumb Code     0  startup_stm32f103xe.o(.text)
    TIM4_IRQHandler                          0x08000c3f   Thumb Code     0  startup_stm32f103xe.o(.text)
    TIM5_IRQHandler                          0x08000c3f   Thumb Code     0  startup_stm32f103xe.o(.text)
    TIM6_IRQHandler                          0x08000c3f   Thumb Code     0  startup_stm32f103xe.o(.text)
    TIM7_IRQHandler                          0x08000c3f   Thumb Code     0  startup_stm32f103xe.o(.text)
    TIM8_BRK_IRQHandler                      0x08000c3f   Thumb Code     0  startup_stm32f103xe.o(.text)
    TIM8_CC_IRQHandler                       0x08000c3f   Thumb Code     0  startup_stm32f103xe.o(.text)
    TIM8_TRG_COM_IRQHandler                  0x08000c3f   Thumb Code     0  startup_stm32f103xe.o(.text)
    TIM8_UP_IRQHandler                       0x08000c3f   Thumb Code     0  startup_stm32f103xe.o(.text)
    UART4_IRQHandler                         0x08000c3f   Thumb Code     0  startup_stm32f103xe.o(.text)
    UART5_IRQHandler                         0x08000c3f   Thumb Code     0  startup_stm32f103xe.o(.text)
    USART1_IRQHandler                        0x08000c3f   Thumb Code     0  startup_stm32f103xe.o(.text)
    USART2_IRQHandler                        0x08000c3f   Thumb Code     0  startup_stm32f103xe.o(.text)
    USART3_IRQHandler                        0x08000c3f   Thumb Code     0  startup_stm32f103xe.o(.text)
    USBWakeUp_IRQHandler                     0x08000c3f   Thumb Code     0  startup_stm32f103xe.o(.text)
    USB_HP_CAN1_TX_IRQHandler                0x08000c3f   Thumb Code     0  startup_stm32f103xe.o(.text)
    USB_LP_CAN1_RX0_IRQHandler               0x08000c3f   Thumb Code     0  startup_stm32f103xe.o(.text)
    WWDG_IRQHandler                          0x08000c3f   Thumb Code     0  startup_stm32f103xe.o(.text)
    __user_initial_stackheap                 0x08000c41   Thumb Code     0  startup_stm32f103xe.o(.text)
    __aeabi_memcpy4                          0x08000c5d   Thumb Code     0  rt_memcpy_w.o(.text)
    __aeabi_memcpy8                          0x08000c5d   Thumb Code     0  rt_memcpy_w.o(.text)
    __rt_memcpy_w                            0x08000c5d   Thumb Code   100  rt_memcpy_w.o(.text)
    _memcpy_lastbytes_aligned                0x08000ca5   Thumb Code     0  rt_memcpy_w.o(.text)
    __aeabi_memclr4                          0x08000cc1   Thumb Code     0  rt_memclr_w.o(.text)
    __aeabi_memclr8                          0x08000cc1   Thumb Code     0  rt_memclr_w.o(.text)
    __rt_memclr_w                            0x08000cc1   Thumb Code    78  rt_memclr_w.o(.text)
    _memset_w                                0x08000cc5   Thumb Code     0  rt_memclr_w.o(.text)
    __use_two_region_memory                  0x08000d0f   Thumb Code     2  heapauxi.o(.text)
    __rt_heap_escrow$2region                 0x08000d11   Thumb Code     2  heapauxi.o(.text)
    __rt_heap_expand$2region                 0x08000d13   Thumb Code     2  heapauxi.o(.text)
    __user_setup_stackheap                   0x08000d15   Thumb Code    74  sys_stackheap_outer.o(.text)
    exit                                     0x08000d5f   Thumb Code    18  exit.o(.text)
    __user_libspace                          0x08000d71   Thumb Code     8  libspace.o(.text)
    __user_perproc_libspace                  0x08000d71   Thumb Code     0  libspace.o(.text)
    __user_perthread_libspace                0x08000d71   Thumb Code     0  libspace.o(.text)
    _sys_exit                                0x08000d79   Thumb Code     8  sys_exit.o(.text)
    __I$use$semihosting                      0x08000d85   Thumb Code     0  use_no_semi.o(.text)
    __use_no_semihosting_swi                 0x08000d85   Thumb Code     2  use_no_semi.o(.text)
    Long Thumb to Thumb Veneer to flash_erase_range 0x08000d87   Thumb Code    10  anon$$obj.o(Veneer$$Code)
    __semihosting_library_function           0x08000d87   Thumb Code     0  indicate_semi.o(.text)
    Long Thumb to Thumb Veneer to flash_write 0x08000d91   Thumb Code    10  anon$$obj.o(Veneer$$Code)
    Long Thumb to Thumb Veneer to flash_erase_page 0x08000d9b   Thumb Code    10  anon$$obj.o(Veneer$$Code)
    bootloader_main                          0x08000e59   Thumb Code    80  boot.o(i.bootloader_main)
    flash_lock                               0x08000f8d   Thumb Code    14  flash_if.o(i.flash_lock)
    flash_read                               0x08000fa1   Thumb Code    20  flash_if.o(i.flash_read)
    flash_unlock                             0x08000fb5   Thumb Code    22  flash_if.o(i.flash_unlock)
    main                                     0x08001291   Thumb Code    10  main.o(i.main)
    ota_info_init                            0x080012b9   Thumb Code    38  ota_info.o(i.ota_info_init)
    ota_info_read                            0x080012e5   Thumb Code    66  ota_info.o(i.ota_info_read)
    ota_info_write                           0x08001329   Thumb Code   122  ota_info.o(i.ota_info_write)
    flash_erase_page                         0x20000001   Thumb Code   104  flash_if.o(.ramfunc)
    flash_erase_range                        0x20000069   Thumb Code    54  flash_if.o(.ramfunc)
    flash_write_halfword                     0x2000009f   Thumb Code    98  flash_if.o(.ramfunc)
    flash_write                              0x20000101   Thumb Code    64  flash_if.o(.ramfunc)
    Long Thumb to Thumb Veneer to flash_unlock 0x20000145   Thumb Code    10  anon$$obj.o(Veneer$$Code)
    Long Thumb to Thumb Veneer to flash_lock 0x2000014f   Thumb Code    10  anon$$obj.o(Veneer$$Code)
    __libspace_start                         0x20000804   Data          96  libspace.o(.bss)
    __temporary_stack_top$libspace           0x20000864   Data           0  libspace.o(.bss)



==============================================================================

Memory Map of the image

  Image Entry point : 0x08000131

  Load Region LR_IROM1 (Base: 0x08000000, Size: 0x000001d4, Max: 0x00000400, ABSOLUTE)

    Execution Region ER_IROM1 (Exec base: 0x08000000, Load base: 0x08000000, Size: 0x000001d4, Max: 0x00000400, ABSOLUTE)

    Exec Addr    Load Addr    Size         Type   Attr      Idx    E Section Name        Object

    0x08000000   0x08000000   0x00000130   Data   RO            3    RESET               startup_stm32f103xe.o
    0x08000130   0x08000130   0x00000008   Code   RO          334  * !!!main             c_w.l(__main.o)
    0x08000138   0x08000138   0x00000034   Code   RO          491    !!!scatter          c_w.l(__scatter.o)
    0x0800016c   0x0800016c   0x0000001a   Code   RO          493    !!handler_copy      c_w.l(__scatter_copy.o)
    0x08000186   0x08000186   0x00000002   PAD
    0x08000188   0x08000188   0x0000001c   Code   RO          495    !!handler_zi        c_w.l(__scatter_zi.o)
    0x080001a4   0x080001a4   0x00000030   Data   RO          489    Region$$Table       anon$$obj.o



  Load Region LR_RAMFUNC (Base: 0x08000400, Size: 0x00000158, Max: 0x00000800, ABSOLUTE)

    Execution Region ER_RAMFUNC (Exec base: 0x20000000, Load base: 0x08000400, Size: 0x00000158, Max: 0x00000800, ABSOLUTE)

    Exec Addr    Load Addr    Size         Type   Attr      Idx    E Section Name        Object

    0x20000000   0x08000400   0x00000144   Code   RO          166    .ramfunc            flash_if.o
    0x20000144   0x08000544   0x0000000a   Ven    RO          497    Veneer$$Code        anon$$obj.o
    0x2000014e   0x0800054e   0x0000000a   Ven    RO          498    Veneer$$Code        anon$$obj.o



  Load Region LR_IROM2 (Base: 0x08000c00, Size: 0x00000930, Max: 0x00003400, ABSOLUTE)

    Execution Region ER_IROM2 (Exec base: 0x08000c00, Load base: 0x08000c00, Size: 0x0000092c, Max: 0x00003400, ABSOLUTE)

    Exec Addr    Load Addr    Size         Type   Attr      Idx    E Section Name        Object

    0x08000c00   0x08000c00   0x00000002   Code   RO          361    .ARM.Collect$$libinit$$00000000  c_w.l(libinit.o)
    0x08000c02   0x08000c02   0x00000000   Code   RO          368    .ARM.Collect$$libinit$$00000002  c_w.l(libinit2.o)
    0x08000c02   0x08000c02   0x00000000   Code   RO          370    .ARM.Collect$$libinit$$00000004  c_w.l(libinit2.o)
    0x08000c02   0x08000c02   0x00000000   Code   RO          373    .ARM.Collect$$libinit$$0000000A  c_w.l(libinit2.o)
    0x08000c02   0x08000c02   0x00000000   Code   RO          375    .ARM.Collect$$libinit$$0000000C  c_w.l(libinit2.o)
    0x08000c02   0x08000c02   0x00000000   Code   RO          377    .ARM.Collect$$libinit$$0000000E  c_w.l(libinit2.o)
    0x08000c02   0x08000c02   0x00000000   Code   RO          380    .ARM.Collect$$libinit$$00000011  c_w.l(libinit2.o)
    0x08000c02   0x08000c02   0x00000000   Code   RO          382    .ARM.Collect$$libinit$$00000013  c_w.l(libinit2.o)
    0x08000c02   0x08000c02   0x00000000   Code   RO          384    .ARM.Collect$$libinit$$00000015  c_w.l(libinit2.o)
    0x08000c02   0x08000c02   0x00000000   Code   RO          386    .ARM.Collect$$libinit$$00000017  c_w.l(libinit2.o)
    0x08000c02   0x08000c02   0x00000000   Code   RO          388    .ARM.Collect$$libinit$$00000019  c_w.l(libinit2.o)
    0x08000c02   0x08000c02   0x00000000   Code   RO          390    .ARM.Collect$$libinit$$0000001B  c_w.l(libinit2.o)
    0x08000c02   0x08000c02   0x00000000   Code   RO          392    .ARM.Collect$$libinit$$0000001D  c_w.l(libinit2.o)
    0x08000c02   0x08000c02   0x00000000   Code   RO          394    .ARM.Collect$$libinit$$0000001F  c_w.l(libinit2.o)
    0x08000c02   0x08000c02   0x00000000   Code   RO          396    .ARM.Collect$$libinit$$00000021  c_w.l(libinit2.o)
    0x08000c02   0x08000c02   0x00000000   Code   RO          398    .ARM.Collect$$libinit$$00000023  c_w.l(libinit2.o)
    0x08000c02   0x08000c02   0x00000000   Code   RO          400    .ARM.Collect$$libinit$$00000025  c_w.l(libinit2.o)
    0x08000c02   0x08000c02   0x00000000   Code   RO          404    .ARM.Collect$$libinit$$0000002C  c_w.l(libinit2.o)
    0x08000c02   0x08000c02   0x00000000   Code   RO          406    .ARM.Collect$$libinit$$0000002E  c_w.l(libinit2.o)
    0x08000c02   0x08000c02   0x00000000   Code   RO          408    .ARM.Collect$$libinit$$00000030  c_w.l(libinit2.o)
    0x08000c02   0x08000c02   0x00000000   Code   RO          410    .ARM.Collect$$libinit$$00000032  c_w.l(libinit2.o)
    0x08000c02   0x08000c02   0x00000002   Code   RO          411    .ARM.Collect$$libinit$$00000033  c_w.l(libinit2.o)
    0x08000c04   0x08000c04   0x00000002   Code   RO          431    .ARM.Collect$$libshutdown$$00000000  c_w.l(libshutdown.o)
    0x08000c06   0x08000c06   0x00000000   Code   RO          444    .ARM.Collect$$libshutdown$$00000002  c_w.l(libshutdown2.o)
    0x08000c06   0x08000c06   0x00000000   Code   RO          446    .ARM.Collect$$libshutdown$$00000004  c_w.l(libshutdown2.o)
    0x08000c06   0x08000c06   0x00000000   Code   RO          449    .ARM.Collect$$libshutdown$$00000007  c_w.l(libshutdown2.o)
    0x08000c06   0x08000c06   0x00000000   Code   RO          452    .ARM.Collect$$libshutdown$$0000000A  c_w.l(libshutdown2.o)
    0x08000c06   0x08000c06   0x00000000   Code   RO          454    .ARM.Collect$$libshutdown$$0000000C  c_w.l(libshutdown2.o)
    0x08000c06   0x08000c06   0x00000000   Code   RO          457    .ARM.Collect$$libshutdown$$0000000F  c_w.l(libshutdown2.o)
    0x08000c06   0x08000c06   0x00000002   Code   RO          458    .ARM.Collect$$libshutdown$$00000010  c_w.l(libshutdown2.o)
    0x08000c08   0x08000c08   0x00000000   Code   RO          336    .ARM.Collect$$rtentry$$00000000  c_w.l(__rtentry.o)
    0x08000c08   0x08000c08   0x00000000   Code   RO          338    .ARM.Collect$$rtentry$$00000002  c_w.l(__rtentry2.o)
    0x08000c08   0x08000c08   0x00000006   Code   RO          350    .ARM.Collect$$rtentry$$00000004  c_w.l(__rtentry4.o)
    0x08000c0e   0x08000c0e   0x00000000   Code   RO          340    .ARM.Collect$$rtentry$$00000009  c_w.l(__rtentry2.o)
    0x08000c0e   0x08000c0e   0x00000004   Code   RO          341    .ARM.Collect$$rtentry$$0000000A  c_w.l(__rtentry2.o)
    0x08000c12   0x08000c12   0x00000000   Code   RO          343    .ARM.Collect$$rtentry$$0000000C  c_w.l(__rtentry2.o)
    0x08000c12   0x08000c12   0x00000008   Code   RO          344    .ARM.Collect$$rtentry$$0000000D  c_w.l(__rtentry2.o)
    0x08000c1a   0x08000c1a   0x00000002   Code   RO          365    .ARM.Collect$$rtexit$$00000000  c_w.l(rtexit.o)
    0x08000c1c   0x08000c1c   0x00000000   Code   RO          413    .ARM.Collect$$rtexit$$00000002  c_w.l(rtexit2.o)
    0x08000c1c   0x08000c1c   0x00000004   Code   RO          414    .ARM.Collect$$rtexit$$00000003  c_w.l(rtexit2.o)
    0x08000c20   0x08000c20   0x00000006   Code   RO          415    .ARM.Collect$$rtexit$$00000004  c_w.l(rtexit2.o)
    0x08000c26   0x08000c26   0x00000002   PAD
    0x08000c28   0x08000c28   0x00000034   Code   RO            4    .text               startup_stm32f103xe.o
    0x08000c5c   0x08000c5c   0x00000064   Code   RO          328    .text               c_w.l(rt_memcpy_w.o)
    0x08000cc0   0x08000cc0   0x0000004e   Code   RO          330    .text               c_w.l(rt_memclr_w.o)
    0x08000d0e   0x08000d0e   0x00000006   Code   RO          332    .text               c_w.l(heapauxi.o)
    0x08000d14   0x08000d14   0x0000004a   Code   RO          352    .text               c_w.l(sys_stackheap_outer.o)
    0x08000d5e   0x08000d5e   0x00000012   Code   RO          354    .text               c_w.l(exit.o)
    0x08000d70   0x08000d70   0x00000008   Code   RO          362    .text               c_w.l(libspace.o)
    0x08000d78   0x08000d78   0x0000000c   Code   RO          423    .text               c_w.l(sys_exit.o)
    0x08000d84   0x08000d84   0x00000002   Code   RO          434    .text               c_w.l(use_no_semi.o)
    0x08000d86   0x08000d86   0x00000000   Code   RO          436    .text               c_w.l(indicate_semi.o)
    0x08000d86   0x08000d86   0x0000000a   Ven    RO          499    Veneer$$Code        anon$$obj.o
    0x08000d90   0x08000d90   0x0000000a   Ven    RO          500    Veneer$$Code        anon$$obj.o
    0x08000d9a   0x08000d9a   0x0000000a   Ven    RO          501    Veneer$$Code        anon$$obj.o
    0x08000da4   0x08000da4   0x00000074   Code   RO           61    i.backup_current_app  boot.o
    0x08000e18   0x08000e18   0x00000040   Code   RO           62    i.backup_valid      boot.o
    0x08000e58   0x08000e58   0x0000005c   Code   RO           63    i.bootloader_main   boot.o
    0x08000eb4   0x08000eb4   0x0000003c   Code   RO           64    i.calc_crc32        boot.o
    0x08000ef0   0x08000ef0   0x00000068   Code   RO           65    i.copy_flash_area   boot.o
    0x08000f58   0x08000f58   0x00000034   Code   RO          208    i.crc32_update      ota_info.o
    0x08000f8c   0x08000f8c   0x00000014   Code   RO          167    i.flash_lock        flash_if.o
    0x08000fa0   0x08000fa0   0x00000014   Code   RO          168    i.flash_read        flash_if.o
    0x08000fb4   0x08000fb4   0x00000024   Code   RO          169    i.flash_unlock      flash_if.o
    0x08000fd8   0x08000fd8   0x000000e0   Code   RO           66    i.handle_ota_state  boot.o
    0x080010b8   0x080010b8   0x00000012   Code   RO           67    i.image_size_valid  boot.o
    0x080010ca   0x080010ca   0x00000002   PAD
    0x080010cc   0x080010cc   0x00000084   Code   RO           68    i.install_downloaded_app  boot.o
    0x08001150   0x08001150   0x0000002a   Code   RO           69    i.is_image_crc_valid  boot.o
    0x0800117a   0x0800117a   0x00000002   PAD
    0x0800117c   0x0800117c   0x00000040   Code   RO           70    i.is_image_vector_valid  boot.o
    0x080011bc   0x080011bc   0x0000000e   Code   RO           71    i.is_vector_table_valid  boot.o
    0x080011ca   0x080011ca   0x00000002   PAD
    0x080011cc   0x080011cc   0x00000020   Code   RO           72    i.jump_to_app       boot.o
    0x080011ec   0x080011ec   0x00000074   Code   RO          209    i.latest_record_read  ota_info.o
    0x08001260   0x08001260   0x00000030   Code   RO          210    i.legacy_info_read  ota_info.o
    0x08001290   0x08001290   0x0000000a   Code   RO           13    i.main              main.o
    0x0800129a   0x0800129a   0x0000001e   Code   RO           73    i.mark_failed       boot.o
    0x080012b8   0x080012b8   0x0000002c   Code   RO          212    i.ota_info_init     ota_info.o
    0x080012e4   0x080012e4   0x00000042   Code   RO          213    i.ota_info_read     ota_info.o
    0x08001326   0x08001326   0x00000002   PAD
    0x08001328   0x08001328   0x00000088   Code   RO          214    i.ota_info_write    ota_info.o
    0x080013b0   0x080013b0   0x00000012   Code   RO          215    i.partition_valid   ota_info.o
    0x080013c2   0x080013c2   0x00000012   Code   RO          216    i.read_record       ota_info.o
    0x080013d4   0x080013d4   0x00000026   Code   RO          217    i.record_crc32      ota_info.o
    0x080013fa   0x080013fa   0x00000002   PAD
    0x080013fc   0x080013fc   0x00000034   Code   RO          218    i.record_valid      ota_info.o
    0x08001430   0x08001430   0x00000068   Code   RO           74    i.restore_backup    boot.o
    0x08001498   0x08001498   0x00000010   Code   RO          219    i.sequence_newer    ota_info.o
    0x080014a8   0x080014a8   0x00000084   Code   RO           75    i.system_clock_init  boot.o


    Execution Region RW_IRAM1 (Exec base: 0x20000800, Load base: 0x0800152c, Size: 0x00000468, Max: 0x0000f800, ABSOLUTE)

    Exec Addr    Load Addr    Size         Type   Attr      Idx    E Section Name        Object

    0x20000800   0x0800152c   0x00000004   Data   RW           76    .data               boot.o
    0x20000804        -       0x00000060   Zero   RW          363    .bss                c_w.l(libspace.o)
    0x20000864   0x08001530   0x00000004   PAD
    0x20000868        -       0x00000000   Zero   RW            2    HEAP                startup_stm32f103xe.o
    0x20000868        -       0x00000400   Zero   RW            1    STACK               startup_stm32f103xe.o


==============================================================================

Image component sizes


      Code (inc. data)   RO Data    RW Data    ZI Data      Debug   Object Name

      1228         90          0          4          0      12998   boot.o
       400         24          0          0          0       3347   flash_if.o
        10          0          0          0          0       4919   main.o
       604         48          0          0          0       6929   ota_info.o
        52         18        304          0       1024        908   startup_stm32f103xe.o

    ----------------------------------------------------------------------
      2354        180        352          4       1024      29101   Object Totals
        50          0         48          0          0          0   (incl. Generated)
        10          0          0          0          0          0   (incl. Padding)

    ----------------------------------------------------------------------

      Code (inc. data)   RO Data    RW Data    ZI Data      Debug   Library Member Name

         8          0          0          0          0         68   __main.o
         0          0          0          0          0          0   __rtentry.o
        12          0          0          0          0          0   __rtentry2.o
         6          0          0          0          0          0   __rtentry4.o
        52          8          0          0          0          0   __scatter.o
        26          0          0          0          0          0   __scatter_copy.o
        28          0          0          0          0          0   __scatter_zi.o
        18          0          0          0          0         80   exit.o
         6          0          0          0          0        152   heapauxi.o
         0          0          0          0          0          0   indicate_semi.o
         2          0          0          0          0          0   libinit.o
         2          0          0          0          0          0   libinit2.o
         2          0          0          0          0          0   libshutdown.o
         2          0          0          0          0          0   libshutdown2.o
         8          4          0          0         96         68   libspace.o
        78          0          0          0          0         80   rt_memclr_w.o
       100          0          0          0          0         80   rt_memcpy_w.o
         2          0          0          0          0          0   rtexit.o
        10          0          0          0          0          0   rtexit2.o
        12          4          0          0          0         68   sys_exit.o
        74          0          0          0          0         80   sys_stackheap_outer.o
         2          0          0          0          0         68   use_no_semi.o

    ----------------------------------------------------------------------
       454         16          0          0        100        744   Library Totals
         4          0          0          0          4          0   (incl. Padding)

    ----------------------------------------------------------------------

      Code (inc. data)   RO Data    RW Data    ZI Data      Debug   Library Name

       450         16          0          0         96        744   c_w.l

    ----------------------------------------------------------------------
       454         16          0          0        100        744   Library Totals

    ----------------------------------------------------------------------

==============================================================================


      Code (inc. data)   RO Data    RW Data    ZI Data      Debug   

      2808        196        352          4       1124      28073   Grand Totals
      2808        196        352          4       1124      28073   ELF Image Totals
      2808        196        352          4          0          0   ROM Totals

==============================================================================

    Total RO  Size (Code + RO Data)                 3160 (   3.09kB)
    Total RW  Size (RW Data + ZI Data)              1128 (   1.10kB)
    Total ROM Size (Code + RO Data + RW Data)       3164 (   3.09kB)

==============================================================================

